Gd
TA
Gd
TA
Gd
TA
Gd
TA
TA
TA
TA
Ex
TA
Gd
TA
TA
TA
TA
TA
TA
Gd
TA
Gd
TA
TA
Gd
TA
Gd
TA
TA
TA
TA
Gd
TA
Ex
Gd
TA
TA
TA
TA
TA
TA
TA
TA
TA
Ex
Gd
Gd
TA
TA
TA
TA
Fa
Gd
TA
TA
Gd
Gd
Ex
TA
TA
TA
Gd
TA
TA
Gd
TA
Gd
TA
Gd
TA
TA
TA
TA
Gd
TA
TA
TA
TA
TA
TA
TA
TA
TA
TA
Gd
Gd
Gd
Fa
TA
TA
TA
TA
TA
TA
Ex
Gd
TA
TA
TA
TA
Gd
TA
TA
TA
Gd
TA
TA
TA
TA
TA
TA
Gd
TA
TA
TA
TA
TA
TA
Gd
TA
TA
TA
Gd
TA
TA
TA
TA
TA
TA
TA
Gd
TA
Gd
TA
TA
TA
TA
Gd
TA
TA
Gd
TA
Gd
TA
Gd
TA
Gd
TA
TA
TA
Gd
TA
TA
TA
TA
TA
Gd
Gd
Gd
TA
Gd
Gd
TA
TA
TA
Gd
Gd
Gd
Gd
TA
TA
Gd
TA
TA
TA
Gd
Gd
Ex
Gd
Gd
TA
TA
TA
TA
Gd
TA
TA
TA
Gd
Gd
TA
Gd
Gd
TA
TA
Ex
Gd
TA
Gd
TA
TA
TA
Gd
TA
TA
TA
TA
Gd
TA
TA
TA
TA
TA
TA
TA
Gd
TA
Gd
Gd
Gd
Gd
TA
TA
Ex
TA
Gd
TA
TA
Gd
TA
Gd
TA
TA
Gd
TA
Gd
Gd
Ex
TA
Gd
TA
TA
TA
Gd
TA
TA
TA
Gd
Gd
TA
Gd
Gd
TA
TA
Gd
Gd
Gd
Gd
TA
TA
Gd
TA
TA
TA
TA
TA
TA
TA
TA
Gd
TA
Gd
TA
TA
Gd
Gd
TA
Ex
TA
Gd
Gd
Gd
Gd
Gd
Gd
TA
TA
TA
TA
Gd
TA
TA
TA
TA
TA
TA
Gd
Gd
TA
TA
Gd
Gd
TA
TA
Gd
Gd
TA
TA
Gd
TA
TA
TA
TA
TA
Gd
Gd
Gd
Gd
TA
TA
Gd
Gd
TA
Gd
TA
Gd
TA
TA
TA
TA
TA
Gd
Gd
TA
TA
Gd
Gd
Gd
TA
Gd
Fa
TA
Ex
TA
TA
TA
TA
Gd
Ex
Ex
TA
TA
TA
TA
Gd
TA
TA
TA
Gd
TA
TA
Gd
TA
TA
TA
TA
TA
TA
TA
TA
TA
TA
TA
Gd
Fa
Gd
Gd
Gd
TA
TA
Gd
Gd
TA
Gd
Gd
TA
TA
Gd
Ex
TA
TA
TA
TA
TA
TA
TA
TA
TA
Gd
Gd
Gd
TA
Gd
TA
TA
TA
TA
Gd
Gd
TA
TA
Ex
TA
Gd
Gd
TA
TA
TA
TA
TA
Gd
TA
Gd
TA
TA
Gd
TA
Gd
TA
TA
TA
TA
TA
TA
Gd
TA
Gd
TA
TA
Ex
TA
TA
Gd
Gd
TA
Gd
Gd
TA
TA
TA
TA
Gd
Gd
TA
TA
TA
TA
TA
TA
Gd
Gd
TA
TA
TA
Gd
TA
TA
Gd
Gd
Gd
TA
TA
Gd
Gd
TA
TA
Ex
Gd
TA
Gd
Gd
Gd
TA
TA
Gd
TA
TA
TA
TA
TA
TA
Gd
TA
TA
TA
Gd
TA
TA
TA
TA
Gd
TA
TA
TA
TA
Gd
Gd
TA
TA
Gd
Gd
TA
TA
TA
Ex
TA
Gd
TA
Gd
TA
TA
TA
Ex
Gd
Gd
TA
Ex
TA
Gd
Gd
TA
TA
Fa
Gd
TA
TA
TA
TA
Gd
Ex
Gd
Gd
TA
Gd
Gd
TA
TA
TA
Gd
TA
TA
Gd
TA
Gd
TA
TA
TA
TA
Gd
TA
TA
TA
TA
Gd
TA
Gd
Gd
Gd
TA
TA
TA
TA
TA
TA
TA
TA
TA
Gd
TA
TA
Ex
TA
Ex
TA
Gd
TA
TA
TA
TA
Gd
Ex
TA
Gd
TA
Gd
TA
Gd
TA
TA
Gd
TA
Gd
Gd
Gd
TA
TA
TA
TA
TA
Gd
TA
Gd
TA
TA
TA
Gd
TA
Ex
Gd
TA
TA
TA
Gd
TA
TA
TA
TA
TA
TA
TA
Gd
TA
TA
TA
Fa
Fa
TA
TA
Gd
Ex
Gd
Gd
TA
Ex
TA
TA
TA
TA
TA
Gd
TA
Gd
TA
Gd
TA
Gd
TA
TA
TA
TA
Gd
TA
TA
Gd
Gd
TA
TA
TA
TA
Gd
TA
Gd
TA
TA
TA
TA
Gd
Gd
TA
TA
TA
TA
Gd
Gd
Gd
Gd
Gd
Gd
Gd
Gd
Ex
Gd
TA
TA
TA
TA
TA
TA
Gd
Gd
TA
Ex
TA
Gd
Fa
TA
Gd
Gd
TA
Gd
TA
Gd
TA
Gd
TA
TA
TA
Gd
TA
Gd
Gd
TA
TA
Ex
TA
Gd
Gd
TA
TA
Gd
Gd
Gd
TA
TA
TA
TA
Gd
TA
Gd
TA
TA
TA
TA
Gd
Ex
Gd
Gd
Gd
TA
TA
Gd
TA
Gd
TA
TA
Gd
TA
TA
Gd
TA
TA
TA
Gd
Gd
Gd
TA
TA
Gd
Ex
TA
TA
TA
TA
Gd
TA
Gd
TA
TA
TA
TA
Gd
Gd
TA
TA
TA
TA
Gd
TA
TA
Gd
TA
Gd
Gd
Gd
TA
TA
TA
Ex
TA
TA
TA
Gd
Ex
TA
Gd
TA
TA
TA
TA
TA
Gd
Fa
TA
TA
TA
TA
Gd
TA
Gd
Gd
Fa
Gd
TA
Gd
Ex
TA
Gd
TA
Gd
TA
TA
Gd
TA
TA
TA
TA
TA
TA
TA
TA
TA
TA
TA
TA
TA
Gd
TA
TA
Gd
Gd
Gd
TA
TA
TA
TA
TA
TA
TA
TA
Gd
TA
TA
TA
Gd
TA
Gd
TA
TA
Gd
TA
TA
Gd
Gd
TA
Gd
TA
Gd
TA
Gd
TA
Gd
TA
Gd
TA
Gd
TA
TA
Gd
TA
TA
TA
TA
TA
TA
TA
TA
TA
Ex
TA
TA
TA
Gd
Gd
TA
TA
Gd
Gd
TA
Gd
TA
TA
TA
TA
Gd
TA
TA
TA
Gd
Ex
Gd
TA
Gd
Gd
TA
TA
Gd
TA
Gd
TA
Gd
TA
Ex
Gd
TA
TA
Gd
Gd
Gd
TA
TA
Gd
TA
TA
TA
TA
TA
Gd
Gd
TA
TA
TA
TA
TA
TA
TA
TA
TA
Gd
Gd
TA
TA
TA
Gd
Gd
Gd
Gd
TA
TA
TA
TA
Gd
TA
Gd
TA
Gd
TA
Gd
TA
TA
Ex
Gd
Gd
Gd
TA
TA
TA
Ex
TA
Gd
Gd
Gd
TA
TA
Ex
TA
TA
TA
TA
Gd
TA
TA
Gd
TA
Gd
Gd
TA
TA
Gd
TA
TA
TA
TA
TA
TA
Gd
Gd
Gd
Gd
Gd
TA
Gd
TA
Gd
Gd
TA
TA
Gd
TA
TA
TA
TA
Gd
Gd
TA
TA
Gd
Gd
TA
TA
TA
TA
Gd
TA
Gd
TA
Gd
TA
TA
TA
Gd
Gd
TA
TA
Gd
TA
Gd
Gd
Ex
TA
Gd
Fa
TA
TA
TA
Gd
Gd
TA
TA
TA
TA
TA
TA
TA
Gd
TA
TA
TA
Gd
TA
Gd
TA
Gd
TA
TA
TA
TA
Gd
Gd
Gd
TA
Gd
TA
TA
TA
Gd
TA
Gd
TA
TA
TA
TA
TA
TA
TA
Gd
Gd
Gd
TA
Gd
TA
TA
TA
TA
TA
Gd
Gd
TA
TA
TA
TA
Gd
TA
TA
TA
TA
Gd
Gd
Gd
TA
TA
TA
TA
Gd
TA
TA
TA
TA
TA
TA
TA
TA
Gd
TA
TA
TA
Gd
TA
TA
TA
TA
TA
TA
Gd
TA
Gd
TA
Gd
Gd
Gd
TA
Gd
TA
TA
TA
Gd
Gd
TA
TA
Gd
TA
TA
Gd
TA
TA
Gd
TA
TA
TA
TA
TA
Ex
Gd
TA
TA
TA
TA
Gd
Gd
TA
TA
Gd
TA
TA
TA
TA
Gd
TA
Gd
TA
TA
TA
TA
Gd
TA
Gd
TA
Gd
TA
Gd
Gd
Gd
TA
TA
TA
TA
TA
Gd
TA
TA
TA
TA
TA
TA
Gd
TA
Gd
TA
Ex
TA
TA
TA
TA
TA
TA
TA
Gd
Gd
Gd
Gd
Gd
Gd
TA
Ex
TA
TA
Gd
TA
TA
TA
Gd
Gd
TA
Gd
Gd
TA
Gd
TA
Gd
TA
TA
TA
TA
TA
Gd
Gd
Fa
Ex
TA
TA
Gd
TA
TA
TA
TA
TA
TA
TA
Gd
TA
Gd
TA
TA
TA
TA
TA
TA
TA
Gd
Gd
TA
TA
TA
TA
TA
TA
TA
TA
Ex
TA
Gd
TA
Gd
Gd
Gd
Gd
Gd
TA
TA
TA
Gd
Gd
Gd
Gd
TA
TA
Gd
Gd
Gd
TA
TA
TA
Gd
Fa
Gd
TA
TA
Gd
Gd
TA
Gd
TA
TA
TA
TA
TA
TA
TA
Gd
TA
TA
TA
Gd
TA
Gd
TA
TA
Gd
Gd
TA
TA
TA
Gd
Gd
Gd
TA
TA
TA
Gd
Gd
TA
Gd
TA
TA
Gd
Gd
Gd
TA
Gd
Gd
Fa
TA
TA
Ex
Gd
Gd
TA
TA
TA
TA
TA
TA
TA
TA
TA
TA
TA
TA
Ex
TA
Gd
TA
TA
TA
Gd
Gd
TA
TA
TA
TA
TA
TA
Gd
Gd
TA
Gd
TA
TA
TA
TA
Gd
TA
TA
Gd
TA
Gd
TA
Gd
TA
Gd
TA
TA
Gd
Gd
TA
Gd
Gd
TA
TA
Gd
Gd
TA
TA
TA
TA
Gd
TA
Ex
TA
TA
TA
Gd
Ex
TA
Gd
TA
TA
Gd
TA
TA
TA
Gd
TA
TA
Gd
TA
TA
Ex
TA
Gd
